// Jest Snapshot v1, https://goo.gl/fbAQLP

exports[`测试 generateConfig  1`] = `
Object {
  "age": 20,
  "domain": "localhost",
  "port": 8080,
  "server": "http://localhost",
  "time": 2021-11-15T03:03:33.016Z,
}
`;
